com.peter.urlshorterner.controller.UrlControllerTest.getUrls=[
  [
    {
      "alias": "alias",
      "fullUrl": "fullUrl",
      "shortUrl": "shortUrl"
    }
  ]
]